173.194.32.128:443
No address associated with hostname
