[some_file.bin]\t[1]\tthis_block_is_even
[some_file.bin]\t[2]\tthis_block_is_odd
