Mary had a
 little la
mb,
its fleece
 was white
 as snow.
