[1]\tthis_block_is_good
[2]\tthis_block_is_bad
[3]\tthis_block_is_ugly
